exports[`test renders without crashing 1`] = `
<div>
  <h4>
    Welcome!
  </h4>
  <img
    alt="This is a duck, because Redux!"
    className="duck"
    src="test-file-stub" />
</div>
`;
